Copyright 1986-2018 Xilinx, Inc. All Rights Reserved.
----------------------------------------------------------------------------------------
| Tool Version : Vivado v.2018.2 (win64) Build 2258646 Thu Jun 14 20:03:12 MDT 2018
| Date         : Tue Nov  4 04:05:22 2025
| Host         : Eldentop running 64-bit major release  (build 9200)
| Command      : report_control_sets -verbose -file Top_Student_control_sets_placed.rpt
| Design       : Top_Student
| Device       : xc7a35t
----------------------------------------------------------------------------------------

Control Set Information

Table of Contents
-----------------
1. Summary
2. Histogram
3. Flip-Flop Distribution
4. Detailed Control Set Information

1. Summary
----------

+----------------------------------------------------------+-------+
|                          Status                          | Count |
+----------------------------------------------------------+-------+
| Number of unique control sets                            |    34 |
| Unused register locations in slices containing registers |    90 |
+----------------------------------------------------------+-------+


2. Histogram
------------

+--------+--------------+
| Fanout | Control Sets |
+--------+--------------+
|      2 |            1 |
|     10 |            2 |
|     12 |            8 |
|     14 |            6 |
|    16+ |           17 |
+--------+--------------+


3. Flip-Flop Distribution
-------------------------

+--------------+-----------------------+------------------------+-----------------+--------------+
| Clock Enable | Synchronous Set/Reset | Asynchronous Set/Reset | Total Registers | Total Slices |
+--------------+-----------------------+------------------------+-----------------+--------------+
| No           | No                    | No                     |             116 |           32 |
| No           | No                    | Yes                    |             180 |           55 |
| No           | Yes                   | No                     |             198 |           36 |
| Yes          | No                    | No                     |               0 |            0 |
| Yes          | No                    | Yes                    |             420 |          104 |
| Yes          | Yes                   | No                     |             116 |           15 |
+--------------+-----------------------+------------------------+-----------------+--------------+


4. Detailed Control Set Information
-----------------------------------

+--------------------+--------------------------------------------------+----------------------------------------------+------------------+----------------+
|    Clock Signal    |                   Enable Signal                  |               Set/Reset Signal               | Slice Load Count | Bel Load Count |
+--------------------+--------------------------------------------------+----------------------------------------------+------------------+----------------+
| ~clk_6p25MHz_BUFG  |                                                  |                                              |                1 |              2 |
|  clk_movement_BUFG | merge_controller/separator_visible[4]_i_1_n_0    | merge_controller/btn_reset                   |                4 |             10 |
|  clk_movement_BUFG | merge_controller/flash_timer[4]_i_1_n_0          | merge_controller/btn_reset                   |                2 |             10 |
|  clk_movement_BUFG | merge_controller/array_positions_y[2][5]_i_1_n_0 | merge_controller/btn_reset                   |                5 |             12 |
|  clk_movement_BUFG | merge_controller/array_positions_y[1][5]_i_1_n_0 | merge_controller/btn_reset                   |                5 |             12 |
|  clk_movement_BUFG | merge_controller/array_positions_y[4][5]_i_1_n_0 | merge_controller/btn_reset                   |                4 |             12 |
|  clk_movement_BUFG | merge_controller/array_positions_y[5][5]_i_1_n_0 | merge_controller/btn_reset                   |                4 |             12 |
|  clk_movement_BUFG | merge_controller/answer_colors[0][0]_i_2_n_0     | merge_controller/answer_colors[0][0]_i_1_n_0 |                2 |             12 |
|  clk_movement_BUFG | merge_controller/target_y[0][5]_i_1_n_0          | merge_controller/btn_reset                   |                4 |             12 |
|  clk_movement_BUFG | merge_controller/array_positions_y[0][5]_i_1_n_0 | merge_controller/btn_reset                   |                4 |             12 |
|  clk_movement_BUFG | merge_controller/array_positions_y[3][5]_i_1_n_0 | merge_controller/btn_reset                   |                4 |             12 |
|  clk_movement_BUFG | merge_controller/array_positions_x[2][6]_i_1_n_0 | merge_controller/btn_reset                   |                4 |             14 |
|  clk_movement_BUFG | merge_controller/array_positions_x[1][6]_i_1_n_0 | merge_controller/btn_reset                   |                3 |             14 |
|  clk_movement_BUFG | merge_controller/array_positions_x[5][6]_i_1_n_0 | merge_controller/btn_reset                   |                3 |             14 |
|  clk_movement_BUFG | merge_controller/array_positions_x[3][6]_i_1_n_0 | merge_controller/btn_reset                   |                4 |             14 |
|  clk_movement_BUFG | merge_controller/array_positions_x[4][6]_i_1_n_0 | merge_controller/btn_reset                   |                5 |             14 |
|  clk_movement_BUFG | merge_controller/array_positions_x[0][6]_i_1_n_0 | merge_controller/btn_reset                   |                3 |             14 |
|  clk_movement_BUFG | merge_controller/sort_timer[7]_i_1_n_0           | merge_controller/btn_reset                   |                4 |             16 |
|  clk_movement_BUFG | merge_controller/step_timer[7]_i_1_n_0           | merge_controller/btn_reset                   |                5 |             16 |
|  clk_IBUF_BUFG     |                                                  | clear                                        |                4 |             32 |
| ~clk_6p25MHz_BUFG  |                                                  | merge_controller/btn_reset                   |                4 |             34 |
| ~clk_6p25MHz_BUFG  | oled_display/delay[0]_i_1_n_0                    | merge_controller/btn_reset                   |                5 |             40 |
|  clk_IBUF_BUFG     | merge_controller/debounce_center                 | merge_controller/btn_reset                   |                4 |             40 |
|  clk_IBUF_BUFG     | merge_controller/debounce_down                   | merge_controller/btn_reset                   |                8 |             40 |
|  clk_IBUF_BUFG     | merge_controller/debounce_left                   | merge_controller/btn_reset                   |                9 |             40 |
|  clk_IBUF_BUFG     | merge_controller/debounce_right                  | merge_controller/btn_reset                   |                8 |             40 |
|  clk_IBUF_BUFG     | merge_controller/debounce_up                     | merge_controller/btn_reset                   |                8 |             40 |
|  clk_IBUF_BUFG     |                                                  | clk_counter_movement[0]_i_1_n_0              |                6 |             42 |
|  clk_IBUF_BUFG     |                                                  | merge_controller/btn_reset                   |               12 |             44 |
|  clk_movement_BUFG |                                                  |                                              |               10 |             44 |
| ~clk_6p25MHz_BUFG  | oled_display/FSM_onehot_state[31]_i_2_n_0        | merge_controller/btn_reset                   |                8 |             64 |
|  clk_IBUF_BUFG     |                                                  |                                              |               21 |             70 |
| ~clk_6p25MHz_BUFG  |                                                  | oled_display/spi_word[39]_i_1_n_0            |               22 |             90 |
|  clk_movement_BUFG |                                                  | merge_controller/btn_reset                   |               43 |            136 |
+--------------------+--------------------------------------------------+----------------------------------------------+------------------+----------------+


